[dotenv@17.2.3] injecting env (3) from .env -- tip: 🔑 add access controls to secrets: https://dotenvx.com/ops
Attempting to connect to MongoDB...
MongoDB connection error: Could not connect to any servers in your MongoDB Atlas cluster. One common reason is that you're trying to access the database from an IP that isn't whitelisted. Make sure your current IP address is on your Atlas cluster's IP whitelist: https://www.mongodb.com/docs/atlas/security-whitelist/
Failed to connect to MongoDB. Server not started.
MongooseServerSelectionError: Could not connect to any servers in your MongoDB Atlas cluster. One common reason is that you're trying to access the database from an IP that isn't whitelisted. Make sure your current IP address is on your Atlas cluster's IP whitelist: https://www.mongodb.com/docs/atlas/security-whitelist/
    at _handleConnectionErrors (/home/uki-technology-school/Desktop/Typing test/Server/node_modules/mongoose/lib/connection.js:1165:11)
    at NativeConnection.openUri (/home/uki-technology-school/Desktop/Typing test/Server/node_modules/mongoose/lib/connection.js:1096:11)
    at async connectDB (file:///home/uki-technology-school/Desktop/Typing%20test/Server/app.js:85:5) {
  errorLabelSet: Set(0) {},
  reason: TopologyDescription {
    type: 'ReplicaSetNoPrimary',
    servers: Map(3) {
      'ac-li8ojpw-shard-00-02.gey6uiu.mongodb.net:27017' => [ServerDescription],
      'ac-li8ojpw-shard-00-01.gey6uiu.mongodb.net:27017' => [ServerDescription],
      'ac-li8ojpw-shard-00-00.gey6uiu.mongodb.net:27017' => [ServerDescription]
    },
    stale: false,
    compatible: true,
    heartbeatFrequencyMS: 10000,
    localThresholdMS: 15,
    setName: 'atlas-ldouz8-shard-0',
    maxElectionId: null,
    maxSetVersion: null,
    commonWireVersion: 0,
    logicalSessionTimeoutMinutes: null
  },
  code: undefined,
  cause: TopologyDescription {
    type: 'ReplicaSetNoPrimary',
    servers: Map(3) {
      'ac-li8ojpw-shard-00-02.gey6uiu.mongodb.net:27017' => [ServerDescription],
      'ac-li8ojpw-shard-00-01.gey6uiu.mongodb.net:27017' => [ServerDescription],
      'ac-li8ojpw-shard-00-00.gey6uiu.mongodb.net:27017' => [ServerDescription]
    },
    stale: false,
    compatible: true,
    heartbeatFrequencyMS: 10000,
    localThresholdMS: 15,
    setName: 'atlas-ldouz8-shard-0',
    maxElectionId: null,
    maxSetVersion: null,
    commonWireVersion: 0,
    logicalSessionTimeoutMinutes: null
  }
}
